components/ProfileSelector.tsx(190,252): error TS7053: Element implicitly has an 'any' type because expression of type 'ProfileType' can't be used to index type '{ KIDS: { label: string; icon: string; color: string; description: string; }; ADULTS: { label: string; icon: string; color: string; description: string; }; }'.
  Property '[ProfileType.TEENS]' does not exist on type '{ KIDS: { label: string; icon: string; color: string; description: string; }; ADULTS: { label: string; icon: string; color: string; description: string; }; }'.
components/ProfileView.tsx(53,144): error TS7053: Element implicitly has an 'any' type because expression of type 'ProfileType' can't be used to index type '{ KIDS: { label: string; icon: string; color: string; description: string; }; ADULTS: { label: string; icon: string; color: string; description: string; }; }'.
  Property '[ProfileType.TEENS]' does not exist on type '{ KIDS: { label: string; icon: string; color: string; description: string; }; ADULTS: { label: string; icon: string; color: string; description: string; }; }'.
components/ProfileView.tsx(55,86): error TS7053: Element implicitly has an 'any' type because expression of type 'ProfileType' can't be used to index type '{ KIDS: { label: string; icon: string; color: string; description: string; }; ADULTS: { label: string; icon: string; color: string; description: string; }; }'.
  Property '[ProfileType.TEENS]' does not exist on type '{ KIDS: { label: string; icon: string; color: string; description: string; }; ADULTS: { label: string; icon: string; color: string; description: string; }; }'.
components/RankingView.tsx(195,113): error TS7053: Element implicitly has an 'any' type because expression of type 'ProfileType' can't be used to index type '{ KIDS: { label: string; icon: string; color: string; description: string; }; ADULTS: { label: string; icon: string; color: string; description: string; }; }'.
  Property '[ProfileType.TEENS]' does not exist on type '{ KIDS: { label: string; icon: string; color: string; description: string; }; ADULTS: { label: string; icon: string; color: string; description: string; }; }'.
components/RankingView.tsx(199,43): error TS7053: Element implicitly has an 'any' type because expression of type 'ProfileType' can't be used to index type '{ KIDS: { label: string; icon: string; color: string; description: string; }; ADULTS: { label: string; icon: string; color: string; description: string; }; }'.
  Property '[ProfileType.TEENS]' does not exist on type '{ KIDS: { label: string; icon: string; color: string; description: string; }; ADULTS: { label: string; icon: string; color: string; description: string; }; }'.
components/VerseChallenges.tsx(68,33): error TS2345: Argument of type 'string | undefined' is not assignable to parameter of type 'string'.
  Type 'undefined' is not assignable to type 'string'.
services/database.ts(29,13): error TS2739: Type '{ email: string; isAuthenticated: true; isPremium: false; theme: "light"; profiles: never[]; currentProfileId: null; }' is missing the following properties from type 'UserState': authUserId, trialEndDate, subscriptionStatus, userType
services/database.ts(56,17): error TS2739: Type '{ email: string; isAuthenticated: true; isPremium: false; theme: "light"; profiles: never[]; currentProfileId: null; }' is missing the following properties from type 'UserState': authUserId, trialEndDate, subscriptionStatus, userType
